******************************************************************************
                  TI ARM Linker PC v5.1.5                      
******************************************************************************
>> Linked Mon Oct 16 14:55:33 2017

OUTPUT FILE NAME:   <menu_fsm.out>
ENTRY POINT SYMBOL: "_c_int00"  address: 00000de1


MEMORY CONFIGURATION

         name            origin    length      used     unused   attr    fill
----------------------  --------  ---------  --------  --------  ----  --------
  FLASH                 00000000   00040000  00001c28  0003e3d8  R  X
  SRAM                  20000000   00008000  0000021d  00007de3  RW X


SEGMENT ALLOCATION MAP

run origin  load origin   length   init length attrs members
----------  ----------- ---------- ----------- ----- -------
00000000    00000000    00001c30   00001c30    r-x
  00000000    00000000    0000026c   0000026c    r-- .intvecs
  0000026c    0000026c    00000e1e   00000e1e    r-x .text
  0000108c    0000108c    00000b66   00000b66    r-- .const
  00001bf8    00001bf8    00000038   00000038    r-- .cinit
20000000    20000000    0000021d   00000000    rw-
  20000000    20000000    00000200   00000000    rw- .stack
  20000200    20000200    0000001c   00000000    rw- .data
  2000021c    2000021c    00000001   00000000    rw- .bss


SECTION ALLOCATION MAP

 output                                  attributes/
section   page    origin      length       input sections
--------  ----  ----------  ----------   ----------------
.intvecs   0    00000000    0000026c     
                  00000000    0000026c     startup_ccs.obj (.intvecs)

.init_array 
*          0    00000000    00000000     UNINITIALIZED

.text      0    0000026c    00000e1e     
                  0000026c    00000238     menu_fsm.obj (.text:main)
                  000004a4    00000216     uartstdio.obj (.text:UARTprintf)
                  000006ba    00000002     startup_ccs.obj (.text:FaultISR)
                  000006bc    000001c8     driverlib-cm4f.lib : sysctl.obj (.text:SysCtlClockGet)
                  00000884    00000124                        : sysctl.obj (.text:SysCtlClockSet)
                  000009a8    000000b8                        : gpio.obj (.text:GPIOPadConfigSet)
                  00000a60    000000a4     menu_fsm.obj (.text:TurnOnLedFlag)
                  00000b04    0000009c     rtsv7M4_T_le_v4SPD16_eabi.lib : memcpy_t2.obj (.text)
                  00000ba0    00000094                                   : auto_init.obj (.text)
                  00000c34    00000060     uartstdio.obj (.text:UARTStdioConfig)
                  00000c94    0000005e     rtsv7M4_T_le_v4SPD16_eabi.lib : copy_decompress_rle.obj (.text)
                  00000cf2    00000002     startup_ccs.obj (.text:IntDefaultHandler)
                  00000cf4    0000005c     driverlib-cm4f.lib : sysctl.obj (.text:SysCtlPeripheralEnable)
                  00000d50    00000048                        : gpio.obj (.text:GPIOPinConfigure)
                  00000d98    00000048     uartstdio.obj (.text:UARTwrite)
                  00000de0    00000048     rtsv7M4_T_le_v4SPD16_eabi.lib : boot.obj (.text)
                  00000e28    00000044                                   : cpy_tbl.obj (.text)
                  00000e6c    00000044                                   : exit.obj (.text)
                  00000eb0    00000042                                   : u_divt2.obj (.text)
                  00000ef2    00000002     startup_ccs.obj (.text:NmiSR)
                  00000ef4    00000038     Nokia5110.obj (.text:lcdwrite)
                  00000f2c    0000002c     Nokia5110.obj (.text:Nokia5110_SetCursor)
                  00000f58    0000002a     driverlib-cm4f.lib : gpio.obj (.text:GPIODirModeSet)
                  00000f82    00000020     Nokia5110.obj (.text:Nokia5110_DrawFullImage)
                  00000fa2    00000002     --HOLE-- [fill = 0]
                  00000fa4    00000020     uartstdio.obj (.text:UARTStdioInit)
                  00000fc4    0000001c     Nokia5110.obj (.text:Nokia5110_Clear)
                  00000fe0    0000001c     menu_fsm.obj (.text:UnlockPortf)
                  00000ffc    00000018     rtsv7M4_T_le_v4SPD16_eabi.lib : args_main.obj (.text)
                  00001014    00000014                                   : _lock.obj (.text)
                  00001028    00000012     driverlib-cm4f.lib : gpio.obj (.text:GPIOPinTypeGPIOOutput)
                  0000103a    00000012                        : gpio.obj (.text:GPIOPinTypeUART)
                  0000104c    00000012     rtsv7M4_T_le_v4SPD16_eabi.lib : copy_zero_init.obj (.text:decompress:ZI)
                  0000105e    0000000e                                   : copy_decompress_none.obj (.text:decompress:none)
                  0000106c    00000006     driverlib-cm4f.lib : gpio.obj (.text:GPIOPinRead)
                  00001072    00000006                        : gpio.obj (.text:GPIOPinWrite)
                  00001078    00000006     startup_ccs.obj (.text:ResetISR)
                  0000107e    00000006     driverlib-cm4f.lib : sysctl.obj (.text:SysCtlDelay)
                  00001084    00000006     rtsv7M4_T_le_v4SPD16_eabi.lib : copy_decompress_rle.obj (.text:decompress:rle24)

.const     0    0000108c    00000b66     
                  0000108c    000001f8     menu_fsm.obj (.const:.string:center_s)
                  00001284    000001f8     menu_fsm.obj (.const:.string:left2_s)
                  0000147c    000001f8     menu_fsm.obj (.const:.string:left_s)
                  00001674    000001f8     menu_fsm.obj (.const:.string:right2_s)
                  0000186c    000001f8     menu_fsm.obj (.const:.string:right_s)
                  00001a64    00000078     driverlib-cm4f.lib : gpio.obj (.const:g_pulGPIOBaseAddrs)
                  00001adc    0000006c                        : sysctl.obj (.const:g_pulXtals)
                  00001b48    00000040                        : sysctl.obj (.const)
                  00001b88    0000003c     menu_fsm.obj (.const:Fsm)
                  00001bc4    0000001c     uartstdio.obj (.const)
                  00001be0    00000012     uartstdio.obj (.const:.string)

.cinit     0    00001bf8    00000038     
                  00001bf8    0000000f     (.cinit..data.load) [load image, compression = rle]
                  00001c07    00000001     --HOLE-- [fill = 0]
                  00001c08    0000000c     (__TI_handler_table)
                  00001c14    00000004     --HOLE-- [fill = 0]
                  00001c18    00000008     (.cinit..bss.load) [load image, compression = zero_init]
                  00001c20    00000010     (__TI_cinit_table)

.stack     0    20000000    00000200     UNINITIALIZED
                  20000000    00000200     --HOLE--

.data      0    20000200    0000001c     UNINITIALIZED
                  20000200    00000008     rtsv7M4_T_le_v4SPD16_eabi.lib : _lock.obj (.data)
                  20000208    00000008                                   : exit.obj (.data)
                  20000210    00000005     uartstdio.obj (.data)
                  20000215    00000003     --HOLE--
                  20000218    00000004     rtsv7M4_T_le_v4SPD16_eabi.lib : stkdepth_vars.obj (.data)

.bss       0    2000021c    00000001     UNINITIALIZED
                  2000021c    00000001     (.common:cState)


LINKER GENERATED COPY TABLES

__TI_cinit_table @ 00001c20 records: 2, size/record: 8, table size: 16
	.data: load addr=00001bf8, load size=0000000f bytes, run addr=20000200, run size=0000001c bytes, compression=rle
	.bss: load addr=00001c18, load size=00000008 bytes, run addr=2000021c, run size=00000001 bytes, compression=zero_init


LINKER GENERATED HANDLER TABLE

__TI_handler_table @ 00001c08 records: 3, size/record: 4, table size: 12
	index: 0, handler: __TI_decompress_rle24
	index: 1, handler: __TI_decompress_none
	index: 2, handler: __TI_zero_init


GLOBAL SYMBOLS: SORTED ALPHABETICALLY BY Name 

address    name
--------   ----
00000e6d   C$$EXIT
00001b88   Fsm
00000f59   GPIODirModeSet
000009a9   GPIOPadConfigSet
00000d51   GPIOPinConfigure
0000106d   GPIOPinRead
00001029   GPIOPinTypeGPIOOutput
0000103b   GPIOPinTypeUART
00001073   GPIOPinWrite
00000fc5   Nokia5110_Clear
00000f83   Nokia5110_DrawFullImage
00000f2d   Nokia5110_SetCursor
00001079   ResetISR
UNDEFED    SHT$$INIT_ARRAY$$Base
UNDEFED    SHT$$INIT_ARRAY$$Limit
000006bd   SysCtlClockGet
00000885   SysCtlClockSet
0000107f   SysCtlDelay
00000cf5   SysCtlPeripheralEnable
00000a61   TurnOnLedFlag
00000c35   UARTStdioConfig
00000fa5   UARTStdioInit
000004a5   UARTprintf
00000d99   UARTwrite
00000fe1   UnlockPortf
20000200   __STACK_END
00000200   __STACK_SIZE
20000200   __STACK_TOP
00001c20   __TI_CINIT_Base
00001c30   __TI_CINIT_Limit
00001c08   __TI_Handler_Table_Base
00001c14   __TI_Handler_Table_Limit
00000001   __TI_args_main
00000ba1   __TI_auto_init
20000208   __TI_cleanup_ptr
0000105f   __TI_decompress_none
00001085   __TI_decompress_rle24
2000020c   __TI_dtors_ptr
00000000   __TI_static_base__
0000104d   __TI_zero_init
00000b05   __aeabi_memcpy
00000b05   __aeabi_memcpy4
00000b05   __aeabi_memcpy8
00000eb1   __aeabi_uidivmod
ffffffff   __binit__
ffffffff   __c_args__
20000000   __stack
00000ffd   _args_main
00000de1   _c_int00
20000200   _lock
00001023   _nop
0000101b   _register_lock
00001015   _register_unlock
20000204   _unlock
00000e71   abort
ffffffff   binit
2000021c   cState
0000108c   center_s
00000e29   copy_in
00000e79   exit
00000000   g_pfnVectors
00001284   left2_s
0000147c   left_s
0000026d   main
20000218   main_func_sp
00000b05   memcpy
00001674   right2_s
0000186c   right_s


GLOBAL SYMBOLS: SORTED BY Symbol Address 

address    name
--------   ----
00000000   __TI_static_base__
00000000   g_pfnVectors
00000001   __TI_args_main
00000200   __STACK_SIZE
0000026d   main
000004a5   UARTprintf
000006bd   SysCtlClockGet
00000885   SysCtlClockSet
000009a9   GPIOPadConfigSet
00000a61   TurnOnLedFlag
00000b05   __aeabi_memcpy
00000b05   __aeabi_memcpy4
00000b05   __aeabi_memcpy8
00000b05   memcpy
00000ba1   __TI_auto_init
00000c35   UARTStdioConfig
00000cf5   SysCtlPeripheralEnable
00000d51   GPIOPinConfigure
00000d99   UARTwrite
00000de1   _c_int00
00000e29   copy_in
00000e6d   C$$EXIT
00000e71   abort
00000e79   exit
00000eb1   __aeabi_uidivmod
00000f2d   Nokia5110_SetCursor
00000f59   GPIODirModeSet
00000f83   Nokia5110_DrawFullImage
00000fa5   UARTStdioInit
00000fc5   Nokia5110_Clear
00000fe1   UnlockPortf
00000ffd   _args_main
00001015   _register_unlock
0000101b   _register_lock
00001023   _nop
00001029   GPIOPinTypeGPIOOutput
0000103b   GPIOPinTypeUART
0000104d   __TI_zero_init
0000105f   __TI_decompress_none
0000106d   GPIOPinRead
00001073   GPIOPinWrite
00001079   ResetISR
0000107f   SysCtlDelay
00001085   __TI_decompress_rle24
0000108c   center_s
00001284   left2_s
0000147c   left_s
00001674   right2_s
0000186c   right_s
00001b88   Fsm
00001c08   __TI_Handler_Table_Base
00001c14   __TI_Handler_Table_Limit
00001c20   __TI_CINIT_Base
00001c30   __TI_CINIT_Limit
20000000   __stack
20000200   __STACK_END
20000200   __STACK_TOP
20000200   _lock
20000204   _unlock
20000208   __TI_cleanup_ptr
2000020c   __TI_dtors_ptr
20000218   main_func_sp
2000021c   cState
ffffffff   __binit__
ffffffff   __c_args__
ffffffff   binit
UNDEFED    SHT$$INIT_ARRAY$$Base
UNDEFED    SHT$$INIT_ARRAY$$Limit

[68 symbols]
